
> project-management@0.1.0 build
> prisma generate && next build

Environment variables loaded from .env
Prisma schema loaded from prisma\schema.prisma

Γ£ö Generated Prisma Client (v5.22.0) to .\node_modules\@prisma\client in 66ms

Start by importing your Prisma Client (See: https://pris.ly/d/importing-client)

Tip: Curious about the SQL queries Prisma ORM generates? Optimize helps you enhance your visibility: https://pris.ly/tip-2-optimize

Γû▓ Next.js 16.1.4 (Turbopack)
- Environments: .env

node.exe : ΓÜá The 
"middleware" file 
convention is deprecated. 
Please use "proxy" instead. 
Learn more: https://nextjs.o
rg/docs/messages/middleware-
to-proxy
At line:1 char:1
+ & 
"C:\nvm4w\nodejs/node.exe" "
C:\nvm4w\nodejs/node_modules
/npm/bin/np ...
+ ~~~~~~~~~~~~~~~~~~~~~~~~~~
~~~~~~~~~~~~~~~~~~~~~~~~~~~~
~~~~~~~~~~~~~~~
    + CategoryInfo          
    : NotSpecified: (ΓÜá T  
  he "middle...leware-to-   
 proxy:String) [], Remot    
eException
    + FullyQualifiedErrorId 
    : NativeCommandError
 
  Creating an optimized production build ...
Γ£ô Compiled successfully in 4.1s
  Running TypeScript ...
Failed to compile.

./src/app/api/attendance/[id
]/route.ts:98:69
Type error: Property 
'errors' does not exist on 
type 'ZodError<{ status?: 
"PRESENT" | "ABSENT" | 
"LEAVE" | undefined; 
checkIn?: string | 
undefined; checkOut?: 
string | undefined; notes?: 
string | undefined; }>'.

[0m [90m  96 |[39m       
  [36mif[39m ([33m![39mv
alidation[33m.[39msuccess)
 {
 [90m  97 |[39m           
  [36mreturn[39m [33mNext
Response[39m[33m.[39mjson
(
[31m[1m>[22m[39m[90m  
98 |[39m                 { 
error[33m:[39m 
[32m'Invalid 
input'[39m[33m,[39m 
details[33m:[39m validatio
n[33m.[39merror[33m.[39m
errors }[33m,[39m
 [90m     |[39m           
                            
                            
  [31m[1m^[22m[39m
 [90m  99 |[39m           
      { status[33m:[39m 
[35m400[39m }
 [90m 100 |[39m           
  )
 [90m 101 |[39m         
}[0m
Next.js build worker exited 
with code: 1 and signal: 
null
